// Jest Snapshot v1, https://goo.gl/fbAQLP

exports[`Pruebas en  <GifExpertApp/> Snapshot de GifExpertApp  1`] = `
<Fragment>
  <h2>
    Gif Expert App
  </h2>
  <AddCategory
    setCategories={[Function]}
  />
  <hr />
  <ol>
    <GiftGrid
      category="One Punch"
      key="One Punch"
    />
  </ol>
</Fragment>
`;
