// Jest Snapshot v1, https://goo.gl/fbAQLP

exports[`Pruebas en componente GifGridItem Snapshot de GifGridItem  1`] = `
<div
  className=" card animate__animated animate__fadeIn"
>
  <img
    alt="un titulo"
    src="una url"
  />
  <p>
    un titulo
  </p>
</div>
`;
